#1 [consistency-lab-cassandra:5.0.9 internal] load build definition from Dockerfile.cassandra
#1 transferring dockerfile: 401B done
#1 DONE 0.0s

#2 [cassandra-consistency-lab-client internal] load build definition from Dockerfile.client
#2 transferring dockerfile: 213B done
#2 DONE 0.0s

#3 [consistency-lab-cassandra:5.0.9 internal] load .dockerignore
#3 transferring context: 115B done
#3 DONE 0.0s

#4 [cassandra-consistency-lab-client internal] load .dockerignore
#4 transferring context: 115B done
#4 DONE 0.0s

#5 [cassandra-consistency-lab-client internal] load metadata for docker.io/library/python:3.11.13-slim-bookworm
#5 DONE 2.3s

#6 [consistency-lab-cassandra:5.0.9 internal] load metadata for docker.io/library/cassandra:5.0.9
#6 DONE 2.2s

#7 [consistency-lab-cassandra:5.0.9 1/3] FROM docker.io/library/cassandra:5.0.9@sha256:da9dad3aaf67c4e5126c6aafa769460d75f27c1716951c48896ff5c4e97d2af3
#7 DONE 0.0s

#8 [consistency-lab-cassandra:5.0.9 2/3] RUN apt-get update && apt-get install -y --no-install-recommends iptables && rm -rf /var/lib/apt/lists/*
#8 CACHED

#9 [consistency-lab-cassandra:5.0.9 3/3] RUN sed -i 's/^hinted_handoff_enabled:.*/hinted_handoff_enabled: false/' /etc/cassandra/cassandra.yaml
#9 CACHED

#10 [cassandra-consistency-lab-client 1/3] FROM docker.io/library/python:3.11.13-slim-bookworm@sha256:86adf8dbadc3d6e82ee5dd2c74bec2e1c2467cdad47886280501df722372d2e1
#10 DONE 0.0s

#11 [cassandra-consistency-lab-client 2/3] RUN pip install --no-cache-dir cassandra-driver==3.29.2
#11 CACHED

#12 [cassandra-consistency-lab-client 3/3] WORKDIR /work
#12 CACHED

#13 [consistency-lab-cassandra:5.0.9] exporting to image
#13 exporting layers done
#13 writing image sha256:07925153c0f3d6a57dbcea7443aa697dd6bdb252c17a73a56717bd5601c439bd done
#13 naming to docker.io/library/cassandra-consistency-lab-client done
#13 writing image sha256:8d0687a8bdb16ac866a48a4e978fd6e450f8b28863d729c0231333916567d203 done
#13 naming to docker.io/library/consistency-lab-cassandra:5.0.9 done
#13 DONE 0.0s
{
  "nodetool": "Datacenter: dc1\n===============\nStatus=Up/Down\n|/ State=Normal/Leaving/Joining/Moving\n--  Address     Load        Tokens  Owns (effective)  Host ID                               Rack \nUN  172.19.0.4  85.08 KiB   16      59.3%             b5f2f954-a430-4157-943a-e5575999aff2  rack1\nUN  172.19.0.5  119.67 KiB  16      76.0%             7a06a28b-51b9-464d-90f7-7adbd15b1f74  rack1\nUN  172.19.0.2  119.81 KiB  16      64.7%             4caf5871-ebbb-4fdb-8999-b903c54adc4b  rack1",
  "schema": [
    {
      "node": "n1",
      "query": "CREATE KEYSPACE IF NOT EXISTS lab WITH replication = {'class':'NetworkTopologyStrategy','dc1':3}",
      "params": [],
      "cl": "ALL",
      "start_ns": 1789194917619688753,
      "status": "ok",
      "value": null,
      "coordinator": "172.19.0.2:9042",
      "end_ns": 1789194918558467962,
      "latency_ms": 938.779668
    },
    {
      "node": "n1",
      "query": "CREATE TABLE IF NOT EXISTS lab.blocking (k text PRIMARY KEY, a int, b int) WITH read_repair='BLOCKING' AND speculative_retry='NONE'",
      "params": [],
      "cl": "ALL",
      "start_ns": 1789194918558474587,
      "status": "ok",
      "value": null,
      "coordinator": "172.19.0.2:9042",
      "end_ns": 1789194919982726171,
      "latency_ms": 1424.251959
    },
    {
      "node": "n1",
      "query": "CREATE TABLE IF NOT EXISTS lab.no_repair (k text PRIMARY KEY, a int, b int) WITH read_repair='NONE' AND speculative_retry='NONE'",
      "params": [],
      "cl": "ALL",
      "start_ns": 1789194919982739505,
      "status": "ok",
      "value": null,
      "coordinator": "172.19.0.2:9042",
      "end_ns": 1789194920696251422,
      "latency_ms": 713.512417
    },
    {
      "node": "n1",
      "query": "SELECT release_version, data_center, rack FROM system.local",
      "params": [],
      "cl": "ALL",
      "start_ns": 1789194920696257880,
      "status": "ok",
      "value": {
        "release_version": "5.0.9",
        "data_center": "dc1",
        "rack": "rack1"
      },
      "coordinator": "172.19.0.2:9042",
      "end_ns": 1789194920700824380,
      "latency_ms": 4.566875
    },
    {
      "node": "n2",
      "query": "SELECT release_version, data_center, rack FROM system.local",
      "params": [],
      "cl": "ALL",
      "start_ns": 1789194920700827963,
      "status": "ok",
      "value": {
        "release_version": "5.0.9",
        "data_center": "dc1",
        "rack": "rack1"
      },
      "coordinator": "172.19.0.4:9042",
      "end_ns": 1789194920736671547,
      "latency_ms": 35.843834
    },
    {
      "node": "n3",
      "query": "SELECT release_version, data_center, rack FROM system.local",
      "params": [],
      "cl": "ALL",
      "start_ns": 1789194920736674005,
      "status": "ok",
      "value": {
        "release_version": "5.0.9",
        "data_center": "dc1",
        "rack": "rack1"
      },
      "coordinator": "172.19.0.5:9042",
      "end_ns": 1789194920844210422,
      "latency_ms": 107.536583
    }
  ]
}
